// Jest Snapshot v1, https://goo.gl/fbAQLP

exports[`renders <DashboardComponent /> should pass mount snapshot test 1`] = `ReactWrapper {}`;

exports[`renders correctly when there are no items 1`] = `
<div
  className="dashboard-component"
  id="dashboard-page"
>
  <div
    className="Toastify"
  />
  <div
    className="recent-activity"
  >
    <p>
      My Recent Activities
    </p>
    <table
      className="table"
    >
      <thead>
        <tr>
          <th>
            Category
          </th>
          <th>
            Level 2
          </th>
          <th>
            Level 3
          </th>
          <th>
            Level 4
          </th>
          <th>
            Level 5
          </th>
          <th>
            Created Date
          </th>
          <th>
            Last Modified
          </th>
          <th>
            Status
          </th>
          <th>
            Modify
          </th>
        </tr>
      </thead>
      <tbody />
    </table>
  </div>
  <div
    className="recent-activity-list"
  >
    To See all My activities
    <a
      href="/dashboard-admin/report-audit"
    >
      Click here
    </a>
  </div>
  <div
    className="recent-updates"
  >
    <p>
      Recent Admin Portal Activities
    </p>
    <table
      className="table"
    >
      <thead>
        <tr>
          <th>
            Category
          </th>
          <th>
            Level 2
          </th>
          <th>
            Level 3
          </th>
          <th>
            Level 4
          </th>
          <th>
            Level 5
          </th>
          <th>
            Created Date
          </th>
          <th>
            Last Modified By
          </th>
          <th>
            Last Modified
          </th>
          <th>
            Status
          </th>
          <th>
            View
          </th>
        </tr>
      </thead>
      <tbody />
    </table>
  </div>
  <div
    className="recent-activity-list-one"
  >
    To See all Admin portal activities
    <a
      href="/dashboard-admin/report-perm"
    >
      Click here
    </a>
  </div>
</div>
`;
